>>> from matrix_divided import matrix_divided

# Test case 1: Basic functionality
>>> matrix = [[1, 2, 3], [4, 5, 6]]

>>>
>>> matrix_divided(matrix, 2)
[[0.5, 1.0, 1.5], [2.0, 2.5, 3.0]]

# Test case 2: Different matrix and divisor
>>> matrix = [[4, 8, 12], [16, 20, 24]]
>>> matrix_divided(matrix, 4)
[[1.0, 2.0, 3.0], [4.0, 5.0, 6.0]]

# Test case 3: Dividing by a float
>>> matrix = [[2.5, 5.0], [7.5, 10.0]]
>>> matrix_divided(matrix, 2.5)
[[1.0, 2.0], [3.0, 4.0]]

# Test case 4: Zero division error
>>> matrix = [[1, 2], [3, 4]]

>
>>> matrix_divided(matrix, 0)
Traceback (most recent call last):
    ...
ZeroDivisionError: division by zero


Traceback (most recent call last):
    ...
ZeroDivisionError: division by zero

Traceback (most recent call last):
    ...
ZeroDivisionError: d

Traceback (most recent call last):
    ...
Zer

Traceback (most recent call la

Traceback (mos
# Test case 5: TypeError for invalid divisor
>>> matrix = [[1, 2], [3, 4]]
>>> matrix_divided(matrix, "a")
Traceback (most recent call last):
    ...
TypeError: div must be a number


Traceback (most recent call last):
    ...
TypeError: div must be a numbe

Traceback (most recent call last):
    ...
TypeError: div

Traceback (most recent call last):
    ...
TypeE

Traceback (most recent ca

Traceback (most r

Traceback
# Test case 6: TypeError for invalid matrix

>>>
>>> matrix = [[1, 2], "not_a_row"]
>>> matrix_divided(matrix, 2)
Traceback (most recent call last):
    ...
TypeError: matrix must be a matrix (
Traceback (most recent call last):
    ...
TypeError: matrix must be a matrix (

Traceback (most recent call last):
    ...
TypeError: matrix must be a

Traceback (most recent call last):
    ...
TypeError

Traceback (most recent

Traceback (m
list of lists) of integers/floats

# Test case 7: Matrix with inconsistent row sizes
>>> matrix = [[1, 2], [3]]
>>> matrix_divided(matrix, 2)
Traceback (most recent call last):
    ...
TypeError: Each row of the matrix must have the same size

Traceback (most recent call last):
    ...
TypeError: Each row of the matrix must have the 

Traceback (most recent call last):
    ...
TypeError: Each row of the matrix mus

Traceback (most recent call last):
    ...
TypeError: E

Traceback (most recent call last):
    ...

Traceb
