>>> BaseGeometry = __import__('test.7_base_geometry').BaseGeometry
>>> bg = BaseGeometry()
>>> bg.area()
Traceback (most recent call last):
    ...
Exception: area() is not implemented

>>> bg.integer_validator("age", "10")
Traceback (most recent call last):
    ...
TypeError: age must be an integer

>>> bg.integer_validator("age", -5)
Traceback (most recent call last):
    ...
ValueError: age must be greater than 0

>>> bg.integer_validator("age", 10)  # No exception should be raised
